Archive member included to satisfy reference by file (symbol)

./libelibc.a(crt0.o)          (crt0)
./libelibc.a(stdio.o)         dhry_1.o (printf)
./libelibc.a(stdlib.o)        dhry_1.o (malloc)
./libelibc.a(string.o)        ./libelibc.a(stdlib.o) (memset)
./libelibc.a(time.o)          dhry_1.o (clock)
./libelibc.a(uart.o)          ./libelibc.a(stdio.o) (inbyte)
/opt/riscv/lib/gcc/riscv32-unknown-elf/15.1.0/rv32im/ilp32/libgcc.a(_udivdi3.o)
                              ./libelibc.a(stdio.o) (__udivdi3)
/opt/riscv/lib/gcc/riscv32-unknown-elf/15.1.0/rv32im/ilp32/libgcc.a(adddf3.o)
                              ./libelibc.a(stdio.o) (__adddf3)
/opt/riscv/lib/gcc/riscv32-unknown-elf/15.1.0/rv32im/ilp32/libgcc.a(divdf3.o)
                              dhry_1.o (__divdf3)
/opt/riscv/lib/gcc/riscv32-unknown-elf/15.1.0/rv32im/ilp32/libgcc.a(ledf2.o)
                              ./libelibc.a(stdio.o) (__ltdf2)
/opt/riscv/lib/gcc/riscv32-unknown-elf/15.1.0/rv32im/ilp32/libgcc.a(muldf3.o)
                              dhry_1.o (__muldf3)
/opt/riscv/lib/gcc/riscv32-unknown-elf/15.1.0/rv32im/ilp32/libgcc.a(subdf3.o)
                              ./libelibc.a(stdio.o) (__subdf3)
/opt/riscv/lib/gcc/riscv32-unknown-elf/15.1.0/rv32im/ilp32/libgcc.a(fixdfsi.o)
                              ./libelibc.a(stdio.o) (__fixdfsi)
/opt/riscv/lib/gcc/riscv32-unknown-elf/15.1.0/rv32im/ilp32/libgcc.a(fixunsdfsi.o)
                              ./libelibc.a(stdio.o) (__fixunsdfsi)
/opt/riscv/lib/gcc/riscv32-unknown-elf/15.1.0/rv32im/ilp32/libgcc.a(floatsidf.o)
                              ./libelibc.a(stdio.o) (__floatsidf)
/opt/riscv/lib/gcc/riscv32-unknown-elf/15.1.0/rv32im/ilp32/libgcc.a(floatunsidf.o)
                              ./libelibc.a(stdio.o) (__floatunsidf)
/opt/riscv/lib/gcc/riscv32-unknown-elf/15.1.0/rv32im/ilp32/libgcc.a(divsf3.o)
                              dhry_1.o (__divsf3)
/opt/riscv/lib/gcc/riscv32-unknown-elf/15.1.0/rv32im/ilp32/libgcc.a(mulsf3.o)
                              dhry_1.o (__mulsf3)
/opt/riscv/lib/gcc/riscv32-unknown-elf/15.1.0/rv32im/ilp32/libgcc.a(floatsisf.o)
                              dhry_1.o (__floatsisf)
/opt/riscv/lib/gcc/riscv32-unknown-elf/15.1.0/rv32im/ilp32/libgcc.a(extendsfdf2.o)
                              dhry_1.o (__extendsfdf2)
/opt/riscv/lib/gcc/riscv32-unknown-elf/15.1.0/rv32im/ilp32/libgcc.a(truncdfsf2.o)
                              dhry_1.o (__truncdfsf2)
/opt/riscv/lib/gcc/riscv32-unknown-elf/15.1.0/rv32im/ilp32/libgcc.a(_clz.o)
                              /opt/riscv/lib/gcc/riscv32-unknown-elf/15.1.0/rv32im/ilp32/libgcc.a(_udivdi3.o) (__clz_tab)
/opt/riscv/lib/gcc/riscv32-unknown-elf/15.1.0/rv32im/ilp32/libgcc.a(_clzsi2.o)
                              /opt/riscv/lib/gcc/riscv32-unknown-elf/15.1.0/rv32im/ilp32/libgcc.a(adddf3.o) (__clzsi2)

There are no discarded input sections

Memory Configuration

Name             Origin             Length             Attributes
code_ram         0x00001000         0x00007000         xr!rw
data_ram         0x00008000         0x00008000         rw!x
*default*        0x00000000         0xffffffff

Linker script and memory map

                0x00000800                        __stack_size = 0x800
                0x00002000                        __heap_size = 0x2000

.text           0x00001000     0x5190
 *(.text*)
 .text          0x00001000      0x22c dhry_1.o
                0x00001000                Proc_1
                0x00001188                Proc_2
                0x000011b8                Proc_3
                0x000011e4                Proc_4
                0x00001214                Proc_5
 .text.startup  0x0000122c      0x6fc dhry_1.o
                0x0000122c                main
 .text          0x00001928      0x134 dhry_2.o
                0x00001928                Proc_6
                0x0000197c                Proc_7
                0x0000198c                Proc_8
                0x000019f0                Func_1
                0x00001a0c                Func_2
                0x00001a50                Func_3
 .text          0x00001a5c       0x30 ./libelibc.a(crt0.o)
                0x00001a5c                crt0
 .text          0x00001a8c     0x1104 ./libelibc.a(stdio.o)
                0x00001a8c                getchar
                0x00001aa4                putchar
                0x00001ad0                fputs
                0x00001b70                fgets
                0x00001c30                putd
                0x000020c4                putx
                0x000023c8                putld
                0x000026c8                putf
                0x00002944                printf
 .text          0x00002b90      0x2dc ./libelibc.a(stdlib.o)
                0x00002b90                exit
                0x00002bdc                malloc
                0x00002d10                free
                0x00002d3c                calloc
                0x00002d7c                atoi
                0x00002e20                abs
                0x00002e30                srand
                0x00002e3c                rand
 .text          0x00002e6c      0x618 ./libelibc.a(string.o)
                0x00002e6c                memcpy
                0x00002f10                memmove
                0x00002fec                memset
                0x000030dc                strlen
                0x00003100                strcpy
                0x000031ac                strncpy
                0x000032b8                strcat
                0x000032fc                strncat
                0x00003354                strcmp
                0x00003438                strncmp
 .text          0x00003484       0xd0 ./libelibc.a(time.o)
                0x00003484                clock
 .text          0x00003554       0x70 ./libelibc.a(uart.o)
                0x00003554                inbyte
                0x00003578                outbyte
 .text          0x000035c4      0x3ec /opt/riscv/lib/gcc/riscv32-unknown-elf/15.1.0/rv32im/ilp32/libgcc.a(_udivdi3.o)
                0x000035c4                __udivdi3
 .text          0x000039b0      0x74c /opt/riscv/lib/gcc/riscv32-unknown-elf/15.1.0/rv32im/ilp32/libgcc.a(adddf3.o)
                0x000039b0                __adddf3
 .text          0x000040fc      0x6b8 /opt/riscv/lib/gcc/riscv32-unknown-elf/15.1.0/rv32im/ilp32/libgcc.a(divdf3.o)
                0x000040fc                __divdf3
 .text          0x000047b4       0xd8 /opt/riscv/lib/gcc/riscv32-unknown-elf/15.1.0/rv32im/ilp32/libgcc.a(ledf2.o)
                0x000047b4                __ltdf2
                0x000047b4                __ledf2
 .text          0x0000488c      0x5e8 /opt/riscv/lib/gcc/riscv32-unknown-elf/15.1.0/rv32im/ilp32/libgcc.a(muldf3.o)
                0x0000488c                __muldf3
 .text          0x00004e74      0x760 /opt/riscv/lib/gcc/riscv32-unknown-elf/15.1.0/rv32im/ilp32/libgcc.a(subdf3.o)
                0x00004e74                __subdf3
 .text          0x000055d4       0x7c /opt/riscv/lib/gcc/riscv32-unknown-elf/15.1.0/rv32im/ilp32/libgcc.a(fixdfsi.o)
                0x000055d4                __fixdfsi
 .text          0x00005650       0x78 /opt/riscv/lib/gcc/riscv32-unknown-elf/15.1.0/rv32im/ilp32/libgcc.a(fixunsdfsi.o)
                0x00005650                __fixunsdfsi
 .text          0x000056c8       0xa0 /opt/riscv/lib/gcc/riscv32-unknown-elf/15.1.0/rv32im/ilp32/libgcc.a(floatsidf.o)
                0x000056c8                __floatsidf
 .text          0x00005768       0x7c /opt/riscv/lib/gcc/riscv32-unknown-elf/15.1.0/rv32im/ilp32/libgcc.a(floatunsidf.o)
                0x00005768                __floatunsidf
 .text          0x000057e4      0x31c /opt/riscv/lib/gcc/riscv32-unknown-elf/15.1.0/rv32im/ilp32/libgcc.a(divsf3.o)
                0x000057e4                __divsf3
 .text          0x00005b00      0x31c /opt/riscv/lib/gcc/riscv32-unknown-elf/15.1.0/rv32im/ilp32/libgcc.a(mulsf3.o)
                0x00005b00                __mulsf3
 .text          0x00005e1c      0x10c /opt/riscv/lib/gcc/riscv32-unknown-elf/15.1.0/rv32im/ilp32/libgcc.a(floatsisf.o)
                0x00005e1c                __floatsisf
 .text          0x00005f28       0xd8 /opt/riscv/lib/gcc/riscv32-unknown-elf/15.1.0/rv32im/ilp32/libgcc.a(extendsfdf2.o)
                0x00005f28                __extendsfdf2
 .text          0x00006000      0x144 /opt/riscv/lib/gcc/riscv32-unknown-elf/15.1.0/rv32im/ilp32/libgcc.a(truncdfsf2.o)
                0x00006000                __truncdfsf2
 .text          0x00006144        0x0 /opt/riscv/lib/gcc/riscv32-unknown-elf/15.1.0/rv32im/ilp32/libgcc.a(_clz.o)
 .text          0x00006144       0x4c /opt/riscv/lib/gcc/riscv32-unknown-elf/15.1.0/rv32im/ilp32/libgcc.a(_clzsi2.o)
                0x00006144                __clzsi2

.srodata.cst4   0x00006190       0x10
 .srodata.cst4  0x00006190       0x10 dhry_1.o

.srodata.cst8   0x000061a0       0x20
 .srodata.cst8  0x000061a0       0x20 dhry_1.o
                                 0x10 (size before relaxing)
 .srodata.cst8  0x000061c0        0x0 ./libelibc.a(stdio.o)
                                 0x10 (size before relaxing)

.srodata        0x000061c0        0x8
 .srodata       0x000061c0        0x8 ./libelibc.a(stdlib.o)

.eh_frame       0x000061c8       0x28
 .eh_frame      0x000061c8       0x28 /opt/riscv/lib/gcc/riscv32-unknown-elf/15.1.0/rv32im/ilp32/libgcc.a(_udivdi3.o)

.rela.dyn       0x000061f0        0x0
 .rela.sdata    0x000061f0        0x0 dhry_1.o
 .rela.srodata  0x000061f0        0x0 dhry_1.o

.data           0x00008000     0x30f8
 *(.data)
 .data          0x00008000        0x0 dhry_1.o
 .data          0x00008000        0x0 dhry_2.o
 .data          0x00008000        0x0 ./libelibc.a(crt0.o)
 .data          0x00008000        0x0 ./libelibc.a(stdio.o)
 .data          0x00008000        0x0 ./libelibc.a(stdlib.o)
 .data          0x00008000        0x0 ./libelibc.a(string.o)
 .data          0x00008000        0x0 ./libelibc.a(time.o)
 .data          0x00008000        0x0 ./libelibc.a(uart.o)
 .data          0x00008000        0x0 /opt/riscv/lib/gcc/riscv32-unknown-elf/15.1.0/rv32im/ilp32/libgcc.a(_udivdi3.o)
 .data          0x00008000        0x0 /opt/riscv/lib/gcc/riscv32-unknown-elf/15.1.0/rv32im/ilp32/libgcc.a(adddf3.o)
 .data          0x00008000        0x0 /opt/riscv/lib/gcc/riscv32-unknown-elf/15.1.0/rv32im/ilp32/libgcc.a(divdf3.o)
 .data          0x00008000        0x0 /opt/riscv/lib/gcc/riscv32-unknown-elf/15.1.0/rv32im/ilp32/libgcc.a(ledf2.o)
 .data          0x00008000        0x0 /opt/riscv/lib/gcc/riscv32-unknown-elf/15.1.0/rv32im/ilp32/libgcc.a(muldf3.o)
 .data          0x00008000        0x0 /opt/riscv/lib/gcc/riscv32-unknown-elf/15.1.0/rv32im/ilp32/libgcc.a(subdf3.o)
 .data          0x00008000        0x0 /opt/riscv/lib/gcc/riscv32-unknown-elf/15.1.0/rv32im/ilp32/libgcc.a(fixdfsi.o)
 .data          0x00008000        0x0 /opt/riscv/lib/gcc/riscv32-unknown-elf/15.1.0/rv32im/ilp32/libgcc.a(fixunsdfsi.o)
 .data          0x00008000        0x0 /opt/riscv/lib/gcc/riscv32-unknown-elf/15.1.0/rv32im/ilp32/libgcc.a(floatsidf.o)
 .data          0x00008000        0x0 /opt/riscv/lib/gcc/riscv32-unknown-elf/15.1.0/rv32im/ilp32/libgcc.a(floatunsidf.o)
 .data          0x00008000        0x0 /opt/riscv/lib/gcc/riscv32-unknown-elf/15.1.0/rv32im/ilp32/libgcc.a(divsf3.o)
 .data          0x00008000        0x0 /opt/riscv/lib/gcc/riscv32-unknown-elf/15.1.0/rv32im/ilp32/libgcc.a(mulsf3.o)
 .data          0x00008000        0x0 /opt/riscv/lib/gcc/riscv32-unknown-elf/15.1.0/rv32im/ilp32/libgcc.a(floatsisf.o)
 .data          0x00008000        0x0 /opt/riscv/lib/gcc/riscv32-unknown-elf/15.1.0/rv32im/ilp32/libgcc.a(extendsfdf2.o)
 .data          0x00008000        0x0 /opt/riscv/lib/gcc/riscv32-unknown-elf/15.1.0/rv32im/ilp32/libgcc.a(truncdfsf2.o)
 .data          0x00008000        0x0 /opt/riscv/lib/gcc/riscv32-unknown-elf/15.1.0/rv32im/ilp32/libgcc.a(_clz.o)
 .data          0x00008000        0x0 /opt/riscv/lib/gcc/riscv32-unknown-elf/15.1.0/rv32im/ilp32/libgcc.a(_clzsi2.o)
 *(.bss)
 .bss           0x00008000     0x27d8 dhry_1.o
                0x00008000                Arr_1_Glob
                0x000080c8                Arr_2_Glob
 .bss           0x0000a7d8        0x0 dhry_2.o
 .bss           0x0000a7d8        0x0 ./libelibc.a(crt0.o)
 .bss           0x0000a7d8        0x0 ./libelibc.a(stdio.o)
 .bss           0x0000a7d8        0x0 ./libelibc.a(stdlib.o)
 .bss           0x0000a7d8        0x0 ./libelibc.a(string.o)
 .bss           0x0000a7d8        0x0 ./libelibc.a(time.o)
 .bss           0x0000a7d8        0x0 ./libelibc.a(uart.o)
 .bss           0x0000a7d8        0x0 /opt/riscv/lib/gcc/riscv32-unknown-elf/15.1.0/rv32im/ilp32/libgcc.a(_udivdi3.o)
 .bss           0x0000a7d8        0x0 /opt/riscv/lib/gcc/riscv32-unknown-elf/15.1.0/rv32im/ilp32/libgcc.a(adddf3.o)
 .bss           0x0000a7d8        0x0 /opt/riscv/lib/gcc/riscv32-unknown-elf/15.1.0/rv32im/ilp32/libgcc.a(divdf3.o)
 .bss           0x0000a7d8        0x0 /opt/riscv/lib/gcc/riscv32-unknown-elf/15.1.0/rv32im/ilp32/libgcc.a(ledf2.o)
 .bss           0x0000a7d8        0x0 /opt/riscv/lib/gcc/riscv32-unknown-elf/15.1.0/rv32im/ilp32/libgcc.a(muldf3.o)
 .bss           0x0000a7d8        0x0 /opt/riscv/lib/gcc/riscv32-unknown-elf/15.1.0/rv32im/ilp32/libgcc.a(subdf3.o)
 .bss           0x0000a7d8        0x0 /opt/riscv/lib/gcc/riscv32-unknown-elf/15.1.0/rv32im/ilp32/libgcc.a(fixdfsi.o)
 .bss           0x0000a7d8        0x0 /opt/riscv/lib/gcc/riscv32-unknown-elf/15.1.0/rv32im/ilp32/libgcc.a(fixunsdfsi.o)
 .bss           0x0000a7d8        0x0 /opt/riscv/lib/gcc/riscv32-unknown-elf/15.1.0/rv32im/ilp32/libgcc.a(floatsidf.o)
 .bss           0x0000a7d8        0x0 /opt/riscv/lib/gcc/riscv32-unknown-elf/15.1.0/rv32im/ilp32/libgcc.a(floatunsidf.o)
 .bss           0x0000a7d8        0x0 /opt/riscv/lib/gcc/riscv32-unknown-elf/15.1.0/rv32im/ilp32/libgcc.a(divsf3.o)
 .bss           0x0000a7d8        0x0 /opt/riscv/lib/gcc/riscv32-unknown-elf/15.1.0/rv32im/ilp32/libgcc.a(mulsf3.o)
 .bss           0x0000a7d8        0x0 /opt/riscv/lib/gcc/riscv32-unknown-elf/15.1.0/rv32im/ilp32/libgcc.a(floatsisf.o)
 .bss           0x0000a7d8        0x0 /opt/riscv/lib/gcc/riscv32-unknown-elf/15.1.0/rv32im/ilp32/libgcc.a(extendsfdf2.o)
 .bss           0x0000a7d8        0x0 /opt/riscv/lib/gcc/riscv32-unknown-elf/15.1.0/rv32im/ilp32/libgcc.a(truncdfsf2.o)
 .bss           0x0000a7d8        0x0 /opt/riscv/lib/gcc/riscv32-unknown-elf/15.1.0/rv32im/ilp32/libgcc.a(_clz.o)
 .bss           0x0000a7d8        0x0 /opt/riscv/lib/gcc/riscv32-unknown-elf/15.1.0/rv32im/ilp32/libgcc.a(_clzsi2.o)
 *(.rodata*)
 .rodata.str1.4
                0x0000a7d8      0x679 dhry_1.o
                                0x5f8 (size before relaxing)
 .rodata.str1.4
                0x0000ae51        0x0 ./libelibc.a(stdio.o)
                                 0x7d (size before relaxing)
 *fill*         0x0000ae51        0x3 
 .rodata        0x0000ae54       0x84 ./libelibc.a(stdio.o)
 .rodata        0x0000aed8       0xa8 ./libelibc.a(stdlib.o)
 .rodata        0x0000af80       0x3c /opt/riscv/lib/gcc/riscv32-unknown-elf/15.1.0/rv32im/ilp32/libgcc.a(divdf3.o)
 .rodata        0x0000afbc       0x3c /opt/riscv/lib/gcc/riscv32-unknown-elf/15.1.0/rv32im/ilp32/libgcc.a(divsf3.o)
 .rodata        0x0000aff8      0x100 /opt/riscv/lib/gcc/riscv32-unknown-elf/15.1.0/rv32im/ilp32/libgcc.a(_clz.o)
                0x0000aff8                __clz_tab

.sdata          0x0000b0f8       0x2c
 .sdata         0x0000b0f8        0x4 ./libelibc.a(crt0.o)
                0x0000b0f8                stack_top
 .sdata         0x0000b0fc       0x1c ./libelibc.a(stdio.o)
                0x0000b0fc                stderr
                0x0000b100                stdout
                0x0000b104                stdin
 .sdata         0x0000b118        0xc ./libelibc.a(stdlib.o)

.sbss           0x0000b124       0x3c
 .sbss          0x0000b124       0x30 dhry_1.o
                0x0000b124                Vax_Mips
                0x0000b128                Dhrystones_Per_Second
                0x0000b12c                Microseconds
                0x0000b130                User_Time
                0x0000b134                End_Time
                0x0000b138                Begin_Time
                0x0000b13c                Reg
                0x0000b140                Ch_2_Glob
                0x0000b141                Ch_1_Glob
                0x0000b144                Bool_Glob
                0x0000b148                Int_Glob
                0x0000b14c                Next_Ptr_Glob
                0x0000b150                Ptr_Glob
 .sbss          0x0000b154        0x4 ./libelibc.a(crt0.o)
                0x0000b154                sp_store
 .sbss          0x0000b158        0x8 ./libelibc.a(stdio.o)

.heap           0x0000b160     0x2000
                0x0000b160                        __heap_start = .
                0x0000d160                        . = (. + __heap_size)
 *fill*         0x0000b160     0x2000 

.stack          0x0000d160      0x800
                0x0000d960                        . = (. + __stack_size)
 *fill*         0x0000d160      0x800 
                0x0000d960                        __stack_top = .
LOAD dhry_1.o
LOAD dhry_2.o
LOAD ./libelibc.a
LOAD /opt/riscv/lib/gcc/riscv32-unknown-elf/15.1.0/rv32im/ilp32/libgcc.a
OUTPUT(dhry.elf elf32-littleriscv)

.comment        0x00000000        0xf
 .comment       0x00000000        0xf dhry_1.o
                                 0x10 (size before relaxing)
 .comment       0x0000000f        0x0 dhry_2.o
                                 0x10 (size before relaxing)
 .comment       0x0000000f        0x0 ./libelibc.a(crt0.o)
                                 0x10 (size before relaxing)
 .comment       0x0000000f        0x0 ./libelibc.a(stdio.o)
                                 0x10 (size before relaxing)
 .comment       0x0000000f        0x0 ./libelibc.a(stdlib.o)
                                 0x10 (size before relaxing)
 .comment       0x0000000f        0x0 ./libelibc.a(string.o)
                                 0x10 (size before relaxing)
 .comment       0x0000000f        0x0 ./libelibc.a(time.o)
                                 0x10 (size before relaxing)
 .comment       0x0000000f        0x0 ./libelibc.a(uart.o)
                                 0x10 (size before relaxing)
 .comment       0x0000000f        0x0 /opt/riscv/lib/gcc/riscv32-unknown-elf/15.1.0/rv32im/ilp32/libgcc.a(_udivdi3.o)
                                 0x10 (size before relaxing)
 .comment       0x0000000f        0x0 /opt/riscv/lib/gcc/riscv32-unknown-elf/15.1.0/rv32im/ilp32/libgcc.a(adddf3.o)
                                 0x10 (size before relaxing)
 .comment       0x0000000f        0x0 /opt/riscv/lib/gcc/riscv32-unknown-elf/15.1.0/rv32im/ilp32/libgcc.a(divdf3.o)
                                 0x10 (size before relaxing)
 .comment       0x0000000f        0x0 /opt/riscv/lib/gcc/riscv32-unknown-elf/15.1.0/rv32im/ilp32/libgcc.a(ledf2.o)
                                 0x10 (size before relaxing)
 .comment       0x0000000f        0x0 /opt/riscv/lib/gcc/riscv32-unknown-elf/15.1.0/rv32im/ilp32/libgcc.a(muldf3.o)
                                 0x10 (size before relaxing)
 .comment       0x0000000f        0x0 /opt/riscv/lib/gcc/riscv32-unknown-elf/15.1.0/rv32im/ilp32/libgcc.a(subdf3.o)
                                 0x10 (size before relaxing)
 .comment       0x0000000f        0x0 /opt/riscv/lib/gcc/riscv32-unknown-elf/15.1.0/rv32im/ilp32/libgcc.a(fixdfsi.o)
                                 0x10 (size before relaxing)
 .comment       0x0000000f        0x0 /opt/riscv/lib/gcc/riscv32-unknown-elf/15.1.0/rv32im/ilp32/libgcc.a(fixunsdfsi.o)
                                 0x10 (size before relaxing)
 .comment       0x0000000f        0x0 /opt/riscv/lib/gcc/riscv32-unknown-elf/15.1.0/rv32im/ilp32/libgcc.a(floatsidf.o)
                                 0x10 (size before relaxing)
 .comment       0x0000000f        0x0 /opt/riscv/lib/gcc/riscv32-unknown-elf/15.1.0/rv32im/ilp32/libgcc.a(floatunsidf.o)
                                 0x10 (size before relaxing)
 .comment       0x0000000f        0x0 /opt/riscv/lib/gcc/riscv32-unknown-elf/15.1.0/rv32im/ilp32/libgcc.a(divsf3.o)
                                 0x10 (size before relaxing)
 .comment       0x0000000f        0x0 /opt/riscv/lib/gcc/riscv32-unknown-elf/15.1.0/rv32im/ilp32/libgcc.a(mulsf3.o)
                                 0x10 (size before relaxing)
 .comment       0x0000000f        0x0 /opt/riscv/lib/gcc/riscv32-unknown-elf/15.1.0/rv32im/ilp32/libgcc.a(floatsisf.o)
                                 0x10 (size before relaxing)
 .comment       0x0000000f        0x0 /opt/riscv/lib/gcc/riscv32-unknown-elf/15.1.0/rv32im/ilp32/libgcc.a(extendsfdf2.o)
                                 0x10 (size before relaxing)
 .comment       0x0000000f        0x0 /opt/riscv/lib/gcc/riscv32-unknown-elf/15.1.0/rv32im/ilp32/libgcc.a(truncdfsf2.o)
                                 0x10 (size before relaxing)
 .comment       0x0000000f        0x0 /opt/riscv/lib/gcc/riscv32-unknown-elf/15.1.0/rv32im/ilp32/libgcc.a(_clz.o)
                                 0x10 (size before relaxing)
 .comment       0x0000000f        0x0 /opt/riscv/lib/gcc/riscv32-unknown-elf/15.1.0/rv32im/ilp32/libgcc.a(_clzsi2.o)
                                 0x10 (size before relaxing)

.note.GNU-stack
                0x00000000        0x0
 .note.GNU-stack
                0x00000000        0x0 dhry_1.o
 .note.GNU-stack
                0x00000000        0x0 dhry_2.o
 .note.GNU-stack
                0x00000000        0x0 ./libelibc.a(crt0.o)
 .note.GNU-stack
                0x00000000        0x0 ./libelibc.a(stdio.o)
 .note.GNU-stack
                0x00000000        0x0 ./libelibc.a(stdlib.o)
 .note.GNU-stack
                0x00000000        0x0 ./libelibc.a(string.o)
 .note.GNU-stack
                0x00000000        0x0 ./libelibc.a(time.o)
 .note.GNU-stack
                0x00000000        0x0 ./libelibc.a(uart.o)
 .note.GNU-stack
                0x00000000        0x0 /opt/riscv/lib/gcc/riscv32-unknown-elf/15.1.0/rv32im/ilp32/libgcc.a(_udivdi3.o)
 .note.GNU-stack
                0x00000000        0x0 /opt/riscv/lib/gcc/riscv32-unknown-elf/15.1.0/rv32im/ilp32/libgcc.a(adddf3.o)
 .note.GNU-stack
                0x00000000        0x0 /opt/riscv/lib/gcc/riscv32-unknown-elf/15.1.0/rv32im/ilp32/libgcc.a(divdf3.o)
 .note.GNU-stack
                0x00000000        0x0 /opt/riscv/lib/gcc/riscv32-unknown-elf/15.1.0/rv32im/ilp32/libgcc.a(ledf2.o)
 .note.GNU-stack
                0x00000000        0x0 /opt/riscv/lib/gcc/riscv32-unknown-elf/15.1.0/rv32im/ilp32/libgcc.a(muldf3.o)
 .note.GNU-stack
                0x00000000        0x0 /opt/riscv/lib/gcc/riscv32-unknown-elf/15.1.0/rv32im/ilp32/libgcc.a(subdf3.o)
 .note.GNU-stack
                0x00000000        0x0 /opt/riscv/lib/gcc/riscv32-unknown-elf/15.1.0/rv32im/ilp32/libgcc.a(fixdfsi.o)
 .note.GNU-stack
                0x00000000        0x0 /opt/riscv/lib/gcc/riscv32-unknown-elf/15.1.0/rv32im/ilp32/libgcc.a(fixunsdfsi.o)
 .note.GNU-stack
                0x00000000        0x0 /opt/riscv/lib/gcc/riscv32-unknown-elf/15.1.0/rv32im/ilp32/libgcc.a(floatsidf.o)
 .note.GNU-stack
                0x00000000        0x0 /opt/riscv/lib/gcc/riscv32-unknown-elf/15.1.0/rv32im/ilp32/libgcc.a(floatunsidf.o)
 .note.GNU-stack
                0x00000000        0x0 /opt/riscv/lib/gcc/riscv32-unknown-elf/15.1.0/rv32im/ilp32/libgcc.a(divsf3.o)
 .note.GNU-stack
                0x00000000        0x0 /opt/riscv/lib/gcc/riscv32-unknown-elf/15.1.0/rv32im/ilp32/libgcc.a(mulsf3.o)
 .note.GNU-stack
                0x00000000        0x0 /opt/riscv/lib/gcc/riscv32-unknown-elf/15.1.0/rv32im/ilp32/libgcc.a(floatsisf.o)
 .note.GNU-stack
                0x00000000        0x0 /opt/riscv/lib/gcc/riscv32-unknown-elf/15.1.0/rv32im/ilp32/libgcc.a(extendsfdf2.o)
 .note.GNU-stack
                0x00000000        0x0 /opt/riscv/lib/gcc/riscv32-unknown-elf/15.1.0/rv32im/ilp32/libgcc.a(truncdfsf2.o)
 .note.GNU-stack
                0x00000000        0x0 /opt/riscv/lib/gcc/riscv32-unknown-elf/15.1.0/rv32im/ilp32/libgcc.a(_clz.o)
 .note.GNU-stack
                0x00000000        0x0 /opt/riscv/lib/gcc/riscv32-unknown-elf/15.1.0/rv32im/ilp32/libgcc.a(_clzsi2.o)

.riscv.attributes
                0x00000000       0x5b
 .riscv.attributes
                0x00000000       0x57 dhry_1.o
 .riscv.attributes
                0x00000057       0x57 dhry_2.o
 .riscv.attributes
                0x000000ae       0x57 ./libelibc.a(crt0.o)
 .riscv.attributes
                0x00000105       0x57 ./libelibc.a(stdio.o)
 .riscv.attributes
                0x0000015c       0x57 ./libelibc.a(stdlib.o)
 .riscv.attributes
                0x000001b3       0x57 ./libelibc.a(string.o)
 .riscv.attributes
                0x0000020a       0x5b ./libelibc.a(time.o)
 .riscv.attributes
                0x00000265       0x57 ./libelibc.a(uart.o)
 .riscv.attributes
                0x000002bc       0x2a /opt/riscv/lib/gcc/riscv32-unknown-elf/15.1.0/rv32im/ilp32/libgcc.a(_udivdi3.o)
 .riscv.attributes
                0x000002e6       0x2a /opt/riscv/lib/gcc/riscv32-unknown-elf/15.1.0/rv32im/ilp32/libgcc.a(adddf3.o)
 .riscv.attributes
                0x00000310       0x2a /opt/riscv/lib/gcc/riscv32-unknown-elf/15.1.0/rv32im/ilp32/libgcc.a(divdf3.o)
 .riscv.attributes
                0x0000033a       0x2a /opt/riscv/lib/gcc/riscv32-unknown-elf/15.1.0/rv32im/ilp32/libgcc.a(ledf2.o)
 .riscv.attributes
                0x00000364       0x2a /opt/riscv/lib/gcc/riscv32-unknown-elf/15.1.0/rv32im/ilp32/libgcc.a(muldf3.o)
 .riscv.attributes
                0x0000038e       0x2a /opt/riscv/lib/gcc/riscv32-unknown-elf/15.1.0/rv32im/ilp32/libgcc.a(subdf3.o)
 .riscv.attributes
                0x000003b8       0x2a /opt/riscv/lib/gcc/riscv32-unknown-elf/15.1.0/rv32im/ilp32/libgcc.a(fixdfsi.o)
 .riscv.attributes
                0x000003e2       0x2a /opt/riscv/lib/gcc/riscv32-unknown-elf/15.1.0/rv32im/ilp32/libgcc.a(fixunsdfsi.o)
 .riscv.attributes
                0x0000040c       0x2a /opt/riscv/lib/gcc/riscv32-unknown-elf/15.1.0/rv32im/ilp32/libgcc.a(floatsidf.o)
 .riscv.attributes
                0x00000436       0x2a /opt/riscv/lib/gcc/riscv32-unknown-elf/15.1.0/rv32im/ilp32/libgcc.a(floatunsidf.o)
 .riscv.attributes
                0x00000460       0x2a /opt/riscv/lib/gcc/riscv32-unknown-elf/15.1.0/rv32im/ilp32/libgcc.a(divsf3.o)
 .riscv.attributes
                0x0000048a       0x2a /opt/riscv/lib/gcc/riscv32-unknown-elf/15.1.0/rv32im/ilp32/libgcc.a(mulsf3.o)
 .riscv.attributes
                0x000004b4       0x2a /opt/riscv/lib/gcc/riscv32-unknown-elf/15.1.0/rv32im/ilp32/libgcc.a(floatsisf.o)
 .riscv.attributes
                0x000004de       0x2a /opt/riscv/lib/gcc/riscv32-unknown-elf/15.1.0/rv32im/ilp32/libgcc.a(extendsfdf2.o)
 .riscv.attributes
                0x00000508       0x2a /opt/riscv/lib/gcc/riscv32-unknown-elf/15.1.0/rv32im/ilp32/libgcc.a(truncdfsf2.o)
 .riscv.attributes
                0x00000532       0x2a /opt/riscv/lib/gcc/riscv32-unknown-elf/15.1.0/rv32im/ilp32/libgcc.a(_clz.o)
 .riscv.attributes
                0x0000055c       0x2a /opt/riscv/lib/gcc/riscv32-unknown-elf/15.1.0/rv32im/ilp32/libgcc.a(_clzsi2.o)

.debug_info     0x00000000     0x3f12
 .debug_info    0x00000000      0x850 /opt/riscv/lib/gcc/riscv32-unknown-elf/15.1.0/rv32im/ilp32/libgcc.a(_udivdi3.o)
 .debug_info    0x00000850      0x582 /opt/riscv/lib/gcc/riscv32-unknown-elf/15.1.0/rv32im/ilp32/libgcc.a(adddf3.o)
 .debug_info    0x00000dd2      0x799 /opt/riscv/lib/gcc/riscv32-unknown-elf/15.1.0/rv32im/ilp32/libgcc.a(divdf3.o)
 .debug_info    0x0000156b      0x25a /opt/riscv/lib/gcc/riscv32-unknown-elf/15.1.0/rv32im/ilp32/libgcc.a(ledf2.o)
 .debug_info    0x000017c5      0x7a7 /opt/riscv/lib/gcc/riscv32-unknown-elf/15.1.0/rv32im/ilp32/libgcc.a(muldf3.o)
 .debug_info    0x00001f6c      0x582 /opt/riscv/lib/gcc/riscv32-unknown-elf/15.1.0/rv32im/ilp32/libgcc.a(subdf3.o)
 .debug_info    0x000024ee      0x1de /opt/riscv/lib/gcc/riscv32-unknown-elf/15.1.0/rv32im/ilp32/libgcc.a(fixdfsi.o)
 .debug_info    0x000026cc      0x1c2 /opt/riscv/lib/gcc/riscv32-unknown-elf/15.1.0/rv32im/ilp32/libgcc.a(fixunsdfsi.o)
 .debug_info    0x0000288e      0x289 /opt/riscv/lib/gcc/riscv32-unknown-elf/15.1.0/rv32im/ilp32/libgcc.a(floatsidf.o)
 .debug_info    0x00002b17      0x27e /opt/riscv/lib/gcc/riscv32-unknown-elf/15.1.0/rv32im/ilp32/libgcc.a(floatunsidf.o)
 .debug_info    0x00002d95      0x3dd /opt/riscv/lib/gcc/riscv32-unknown-elf/15.1.0/rv32im/ilp32/libgcc.a(divsf3.o)
 .debug_info    0x00003172      0x3c5 /opt/riscv/lib/gcc/riscv32-unknown-elf/15.1.0/rv32im/ilp32/libgcc.a(mulsf3.o)
 .debug_info    0x00003537      0x23c /opt/riscv/lib/gcc/riscv32-unknown-elf/15.1.0/rv32im/ilp32/libgcc.a(floatsisf.o)
 .debug_info    0x00003773      0x281 /opt/riscv/lib/gcc/riscv32-unknown-elf/15.1.0/rv32im/ilp32/libgcc.a(extendsfdf2.o)
 .debug_info    0x000039f4      0x2c4 /opt/riscv/lib/gcc/riscv32-unknown-elf/15.1.0/rv32im/ilp32/libgcc.a(truncdfsf2.o)
 .debug_info    0x00003cb8       0xf2 /opt/riscv/lib/gcc/riscv32-unknown-elf/15.1.0/rv32im/ilp32/libgcc.a(_clz.o)
 .debug_info    0x00003daa      0x168 /opt/riscv/lib/gcc/riscv32-unknown-elf/15.1.0/rv32im/ilp32/libgcc.a(_clzsi2.o)

.debug_abbrev   0x00000000     0x174d
 .debug_abbrev  0x00000000      0x1ad /opt/riscv/lib/gcc/riscv32-unknown-elf/15.1.0/rv32im/ilp32/libgcc.a(_udivdi3.o)
 .debug_abbrev  0x000001ad      0x195 /opt/riscv/lib/gcc/riscv32-unknown-elf/15.1.0/rv32im/ilp32/libgcc.a(adddf3.o)
 .debug_abbrev  0x00000342      0x18b /opt/riscv/lib/gcc/riscv32-unknown-elf/15.1.0/rv32im/ilp32/libgcc.a(divdf3.o)
 .debug_abbrev  0x000004cd      0x174 /opt/riscv/lib/gcc/riscv32-unknown-elf/15.1.0/rv32im/ilp32/libgcc.a(ledf2.o)
 .debug_abbrev  0x00000641      0x194 /opt/riscv/lib/gcc/riscv32-unknown-elf/15.1.0/rv32im/ilp32/libgcc.a(muldf3.o)
 .debug_abbrev  0x000007d5      0x195 /opt/riscv/lib/gcc/riscv32-unknown-elf/15.1.0/rv32im/ilp32/libgcc.a(subdf3.o)
 .debug_abbrev  0x0000096a      0x15e /opt/riscv/lib/gcc/riscv32-unknown-elf/15.1.0/rv32im/ilp32/libgcc.a(fixdfsi.o)
 .debug_abbrev  0x00000ac8      0x171 /opt/riscv/lib/gcc/riscv32-unknown-elf/15.1.0/rv32im/ilp32/libgcc.a(fixunsdfsi.o)
 .debug_abbrev  0x00000c39      0x173 /opt/riscv/lib/gcc/riscv32-unknown-elf/15.1.0/rv32im/ilp32/libgcc.a(floatsidf.o)
 .debug_abbrev  0x00000dac      0x172 /opt/riscv/lib/gcc/riscv32-unknown-elf/15.1.0/rv32im/ilp32/libgcc.a(floatunsidf.o)
 .debug_abbrev  0x00000f1e      0x150 /opt/riscv/lib/gcc/riscv32-unknown-elf/15.1.0/rv32im/ilp32/libgcc.a(divsf3.o)
 .debug_abbrev  0x0000106e      0x15f /opt/riscv/lib/gcc/riscv32-unknown-elf/15.1.0/rv32im/ilp32/libgcc.a(mulsf3.o)
 .debug_abbrev  0x000011cd      0x17c /opt/riscv/lib/gcc/riscv32-unknown-elf/15.1.0/rv32im/ilp32/libgcc.a(floatsisf.o)
 .debug_abbrev  0x00001349      0x16a /opt/riscv/lib/gcc/riscv32-unknown-elf/15.1.0/rv32im/ilp32/libgcc.a(extendsfdf2.o)
 .debug_abbrev  0x000014b3      0x14b /opt/riscv/lib/gcc/riscv32-unknown-elf/15.1.0/rv32im/ilp32/libgcc.a(truncdfsf2.o)
 .debug_abbrev  0x000015fe       0x76 /opt/riscv/lib/gcc/riscv32-unknown-elf/15.1.0/rv32im/ilp32/libgcc.a(_clz.o)
 .debug_abbrev  0x00001674       0xd9 /opt/riscv/lib/gcc/riscv32-unknown-elf/15.1.0/rv32im/ilp32/libgcc.a(_clzsi2.o)

.debug_loclists
                0x00000000     0x5c5c
 .debug_loclists
                0x00000000      0xb98 /opt/riscv/lib/gcc/riscv32-unknown-elf/15.1.0/rv32im/ilp32/libgcc.a(_udivdi3.o)
 .debug_loclists
                0x00000b98      0xf7b /opt/riscv/lib/gcc/riscv32-unknown-elf/15.1.0/rv32im/ilp32/libgcc.a(adddf3.o)
 .debug_loclists
                0x00001b13     0x110d /opt/riscv/lib/gcc/riscv32-unknown-elf/15.1.0/rv32im/ilp32/libgcc.a(divdf3.o)
 .debug_loclists
                0x00002c20       0xff /opt/riscv/lib/gcc/riscv32-unknown-elf/15.1.0/rv32im/ilp32/libgcc.a(ledf2.o)
 .debug_loclists
                0x00002d1f      0xaa6 /opt/riscv/lib/gcc/riscv32-unknown-elf/15.1.0/rv32im/ilp32/libgcc.a(muldf3.o)
 .debug_loclists
                0x000037c5      0xf7e /opt/riscv/lib/gcc/riscv32-unknown-elf/15.1.0/rv32im/ilp32/libgcc.a(subdf3.o)
 .debug_loclists
                0x00004743       0xe5 /opt/riscv/lib/gcc/riscv32-unknown-elf/15.1.0/rv32im/ilp32/libgcc.a(fixdfsi.o)
 .debug_loclists
                0x00004828       0x88 /opt/riscv/lib/gcc/riscv32-unknown-elf/15.1.0/rv32im/ilp32/libgcc.a(fixunsdfsi.o)
 .debug_loclists
                0x000048b0      0x102 /opt/riscv/lib/gcc/riscv32-unknown-elf/15.1.0/rv32im/ilp32/libgcc.a(floatsidf.o)
 .debug_loclists
                0x000049b2       0xf6 /opt/riscv/lib/gcc/riscv32-unknown-elf/15.1.0/rv32im/ilp32/libgcc.a(floatunsidf.o)
 .debug_loclists
                0x00004aa8      0x643 /opt/riscv/lib/gcc/riscv32-unknown-elf/15.1.0/rv32im/ilp32/libgcc.a(divsf3.o)
 .debug_loclists
                0x000050eb      0x494 /opt/riscv/lib/gcc/riscv32-unknown-elf/15.1.0/rv32im/ilp32/libgcc.a(mulsf3.o)
 .debug_loclists
                0x0000557f      0x1ea /opt/riscv/lib/gcc/riscv32-unknown-elf/15.1.0/rv32im/ilp32/libgcc.a(floatsisf.o)
 .debug_loclists
                0x00005769      0x197 /opt/riscv/lib/gcc/riscv32-unknown-elf/15.1.0/rv32im/ilp32/libgcc.a(extendsfdf2.o)
 .debug_loclists
                0x00005900      0x30a /opt/riscv/lib/gcc/riscv32-unknown-elf/15.1.0/rv32im/ilp32/libgcc.a(truncdfsf2.o)
 .debug_loclists
                0x00005c0a       0x52 /opt/riscv/lib/gcc/riscv32-unknown-elf/15.1.0/rv32im/ilp32/libgcc.a(_clzsi2.o)

.debug_aranges  0x00000000      0x218
 .debug_aranges
                0x00000000       0x20 /opt/riscv/lib/gcc/riscv32-unknown-elf/15.1.0/rv32im/ilp32/libgcc.a(_udivdi3.o)
 .debug_aranges
                0x00000020       0x20 /opt/riscv/lib/gcc/riscv32-unknown-elf/15.1.0/rv32im/ilp32/libgcc.a(adddf3.o)
 .debug_aranges
                0x00000040       0x20 /opt/riscv/lib/gcc/riscv32-unknown-elf/15.1.0/rv32im/ilp32/libgcc.a(divdf3.o)
 .debug_aranges
                0x00000060       0x20 /opt/riscv/lib/gcc/riscv32-unknown-elf/15.1.0/rv32im/ilp32/libgcc.a(ledf2.o)
 .debug_aranges
                0x00000080       0x20 /opt/riscv/lib/gcc/riscv32-unknown-elf/15.1.0/rv32im/ilp32/libgcc.a(muldf3.o)
 .debug_aranges
                0x000000a0       0x20 /opt/riscv/lib/gcc/riscv32-unknown-elf/15.1.0/rv32im/ilp32/libgcc.a(subdf3.o)
 .debug_aranges
                0x000000c0       0x20 /opt/riscv/lib/gcc/riscv32-unknown-elf/15.1.0/rv32im/ilp32/libgcc.a(fixdfsi.o)
 .debug_aranges
                0x000000e0       0x20 /opt/riscv/lib/gcc/riscv32-unknown-elf/15.1.0/rv32im/ilp32/libgcc.a(fixunsdfsi.o)
 .debug_aranges
                0x00000100       0x20 /opt/riscv/lib/gcc/riscv32-unknown-elf/15.1.0/rv32im/ilp32/libgcc.a(floatsidf.o)
 .debug_aranges
                0x00000120       0x20 /opt/riscv/lib/gcc/riscv32-unknown-elf/15.1.0/rv32im/ilp32/libgcc.a(floatunsidf.o)
 .debug_aranges
                0x00000140       0x20 /opt/riscv/lib/gcc/riscv32-unknown-elf/15.1.0/rv32im/ilp32/libgcc.a(divsf3.o)
 .debug_aranges
                0x00000160       0x20 /opt/riscv/lib/gcc/riscv32-unknown-elf/15.1.0/rv32im/ilp32/libgcc.a(mulsf3.o)
 .debug_aranges
                0x00000180       0x20 /opt/riscv/lib/gcc/riscv32-unknown-elf/15.1.0/rv32im/ilp32/libgcc.a(floatsisf.o)
 .debug_aranges
                0x000001a0       0x20 /opt/riscv/lib/gcc/riscv32-unknown-elf/15.1.0/rv32im/ilp32/libgcc.a(extendsfdf2.o)
 .debug_aranges
                0x000001c0       0x20 /opt/riscv/lib/gcc/riscv32-unknown-elf/15.1.0/rv32im/ilp32/libgcc.a(truncdfsf2.o)
 .debug_aranges
                0x000001e0       0x18 /opt/riscv/lib/gcc/riscv32-unknown-elf/15.1.0/rv32im/ilp32/libgcc.a(_clz.o)
 .debug_aranges
                0x000001f8       0x20 /opt/riscv/lib/gcc/riscv32-unknown-elf/15.1.0/rv32im/ilp32/libgcc.a(_clzsi2.o)

.debug_rnglists
                0x00000000      0x6c8
 .debug_rnglists
                0x00000000       0x9c /opt/riscv/lib/gcc/riscv32-unknown-elf/15.1.0/rv32im/ilp32/libgcc.a(_udivdi3.o)
 .debug_rnglists
                0x0000009c       0xe9 /opt/riscv/lib/gcc/riscv32-unknown-elf/15.1.0/rv32im/ilp32/libgcc.a(adddf3.o)
 .debug_rnglists
                0x00000185       0xc3 /opt/riscv/lib/gcc/riscv32-unknown-elf/15.1.0/rv32im/ilp32/libgcc.a(divdf3.o)
 .debug_rnglists
                0x00000248       0x26 /opt/riscv/lib/gcc/riscv32-unknown-elf/15.1.0/rv32im/ilp32/libgcc.a(ledf2.o)
 .debug_rnglists
                0x0000026e      0x163 /opt/riscv/lib/gcc/riscv32-unknown-elf/15.1.0/rv32im/ilp32/libgcc.a(muldf3.o)
 .debug_rnglists
                0x000003d1       0xec /opt/riscv/lib/gcc/riscv32-unknown-elf/15.1.0/rv32im/ilp32/libgcc.a(subdf3.o)
 .debug_rnglists
                0x000004bd       0x13 /opt/riscv/lib/gcc/riscv32-unknown-elf/15.1.0/rv32im/ilp32/libgcc.a(fixdfsi.o)
 .debug_rnglists
                0x000004d0       0x16 /opt/riscv/lib/gcc/riscv32-unknown-elf/15.1.0/rv32im/ilp32/libgcc.a(fixunsdfsi.o)
 .debug_rnglists
                0x000004e6       0x32 /opt/riscv/lib/gcc/riscv32-unknown-elf/15.1.0/rv32im/ilp32/libgcc.a(floatsidf.o)
 .debug_rnglists
                0x00000518       0x2c /opt/riscv/lib/gcc/riscv32-unknown-elf/15.1.0/rv32im/ilp32/libgcc.a(floatunsidf.o)
 .debug_rnglists
                0x00000544       0x78 /opt/riscv/lib/gcc/riscv32-unknown-elf/15.1.0/rv32im/ilp32/libgcc.a(divsf3.o)
 .debug_rnglists
                0x000005bc       0x6e /opt/riscv/lib/gcc/riscv32-unknown-elf/15.1.0/rv32im/ilp32/libgcc.a(mulsf3.o)
 .debug_rnglists
                0x0000062a       0x44 /opt/riscv/lib/gcc/riscv32-unknown-elf/15.1.0/rv32im/ilp32/libgcc.a(floatsisf.o)
 .debug_rnglists
                0x0000066e       0x1d /opt/riscv/lib/gcc/riscv32-unknown-elf/15.1.0/rv32im/ilp32/libgcc.a(extendsfdf2.o)
 .debug_rnglists
                0x0000068b       0x27 /opt/riscv/lib/gcc/riscv32-unknown-elf/15.1.0/rv32im/ilp32/libgcc.a(truncdfsf2.o)
 .debug_rnglists
                0x000006b2       0x16 /opt/riscv/lib/gcc/riscv32-unknown-elf/15.1.0/rv32im/ilp32/libgcc.a(_clzsi2.o)

.debug_line     0x00000000     0x8c9d
 .debug_line    0x00000000      0xb27 /opt/riscv/lib/gcc/riscv32-unknown-elf/15.1.0/rv32im/ilp32/libgcc.a(_udivdi3.o)
 .debug_line    0x00000b27     0x16ba /opt/riscv/lib/gcc/riscv32-unknown-elf/15.1.0/rv32im/ilp32/libgcc.a(adddf3.o)
 .debug_line    0x000021e1     0x14b9 /opt/riscv/lib/gcc/riscv32-unknown-elf/15.1.0/rv32im/ilp32/libgcc.a(divdf3.o)
 .debug_line    0x0000369a      0x361 /opt/riscv/lib/gcc/riscv32-unknown-elf/15.1.0/rv32im/ilp32/libgcc.a(ledf2.o)
 .debug_line    0x000039fb     0x1155 /opt/riscv/lib/gcc/riscv32-unknown-elf/15.1.0/rv32im/ilp32/libgcc.a(muldf3.o)
 .debug_line    0x00004b50     0x16fd /opt/riscv/lib/gcc/riscv32-unknown-elf/15.1.0/rv32im/ilp32/libgcc.a(subdf3.o)
 .debug_line    0x0000624d      0x239 /opt/riscv/lib/gcc/riscv32-unknown-elf/15.1.0/rv32im/ilp32/libgcc.a(fixdfsi.o)
 .debug_line    0x00006486      0x1f9 /opt/riscv/lib/gcc/riscv32-unknown-elf/15.1.0/rv32im/ilp32/libgcc.a(fixunsdfsi.o)
 .debug_line    0x0000667f      0x251 /opt/riscv/lib/gcc/riscv32-unknown-elf/15.1.0/rv32im/ilp32/libgcc.a(floatsidf.o)
 .debug_line    0x000068d0      0x23b /opt/riscv/lib/gcc/riscv32-unknown-elf/15.1.0/rv32im/ilp32/libgcc.a(floatunsidf.o)
 .debug_line    0x00006b0b      0xa34 /opt/riscv/lib/gcc/riscv32-unknown-elf/15.1.0/rv32im/ilp32/libgcc.a(divsf3.o)
 .debug_line    0x0000753f      0x94d /opt/riscv/lib/gcc/riscv32-unknown-elf/15.1.0/rv32im/ilp32/libgcc.a(mulsf3.o)
 .debug_line    0x00007e8c      0x3ad /opt/riscv/lib/gcc/riscv32-unknown-elf/15.1.0/rv32im/ilp32/libgcc.a(floatsisf.o)
 .debug_line    0x00008239      0x3c9 /opt/riscv/lib/gcc/riscv32-unknown-elf/15.1.0/rv32im/ilp32/libgcc.a(extendsfdf2.o)
 .debug_line    0x00008602      0x563 /opt/riscv/lib/gcc/riscv32-unknown-elf/15.1.0/rv32im/ilp32/libgcc.a(truncdfsf2.o)
 .debug_line    0x00008b65       0x49 /opt/riscv/lib/gcc/riscv32-unknown-elf/15.1.0/rv32im/ilp32/libgcc.a(_clz.o)
 .debug_line    0x00008bae       0xef /opt/riscv/lib/gcc/riscv32-unknown-elf/15.1.0/rv32im/ilp32/libgcc.a(_clzsi2.o)

.debug_str      0x00000000      0x8e5
 .debug_str     0x00000000      0x8e5 /opt/riscv/lib/gcc/riscv32-unknown-elf/15.1.0/rv32im/ilp32/libgcc.a(_udivdi3.o)
                                0x265 (size before relaxing)
 .debug_str     0x000008e5        0x0 /opt/riscv/lib/gcc/riscv32-unknown-elf/15.1.0/rv32im/ilp32/libgcc.a(adddf3.o)
                                0x29f (size before relaxing)
 .debug_str     0x000008e5        0x0 /opt/riscv/lib/gcc/riscv32-unknown-elf/15.1.0/rv32im/ilp32/libgcc.a(divdf3.o)
                                0x361 (size before relaxing)
 .debug_str     0x000008e5        0x0 /opt/riscv/lib/gcc/riscv32-unknown-elf/15.1.0/rv32im/ilp32/libgcc.a(ledf2.o)
                                0x1d5 (size before relaxing)
 .debug_str     0x000008e5        0x0 /opt/riscv/lib/gcc/riscv32-unknown-elf/15.1.0/rv32im/ilp32/libgcc.a(muldf3.o)
                                0x3b9 (size before relaxing)
 .debug_str     0x000008e5        0x0 /opt/riscv/lib/gcc/riscv32-unknown-elf/15.1.0/rv32im/ilp32/libgcc.a(subdf3.o)
                                0x29f (size before relaxing)
 .debug_str     0x000008e5        0x0 /opt/riscv/lib/gcc/riscv32-unknown-elf/15.1.0/rv32im/ilp32/libgcc.a(fixdfsi.o)
                                0x1ac (size before relaxing)
 .debug_str     0x000008e5        0x0 /opt/riscv/lib/gcc/riscv32-unknown-elf/15.1.0/rv32im/ilp32/libgcc.a(fixunsdfsi.o)
                                0x1a8 (size before relaxing)
 .debug_str     0x000008e5        0x0 /opt/riscv/lib/gcc/riscv32-unknown-elf/15.1.0/rv32im/ilp32/libgcc.a(floatsidf.o)
                                0x249 (size before relaxing)
 .debug_str     0x000008e5        0x0 /opt/riscv/lib/gcc/riscv32-unknown-elf/15.1.0/rv32im/ilp32/libgcc.a(floatunsidf.o)
                                0x244 (size before relaxing)
 .debug_str     0x000008e5        0x0 /opt/riscv/lib/gcc/riscv32-unknown-elf/15.1.0/rv32im/ilp32/libgcc.a(divsf3.o)
                                0x2cc (size before relaxing)
 .debug_str     0x000008e5        0x0 /opt/riscv/lib/gcc/riscv32-unknown-elf/15.1.0/rv32im/ilp32/libgcc.a(mulsf3.o)
                                0x287 (size before relaxing)
 .debug_str     0x000008e5        0x0 /opt/riscv/lib/gcc/riscv32-unknown-elf/15.1.0/rv32im/ilp32/libgcc.a(floatsisf.o)
                                0x22a (size before relaxing)
 .debug_str     0x000008e5        0x0 /opt/riscv/lib/gcc/riscv32-unknown-elf/15.1.0/rv32im/ilp32/libgcc.a(extendsfdf2.o)
                                0x1d5 (size before relaxing)
 .debug_str     0x000008e5        0x0 /opt/riscv/lib/gcc/riscv32-unknown-elf/15.1.0/rv32im/ilp32/libgcc.a(truncdfsf2.o)
                                0x22b (size before relaxing)
 .debug_str     0x000008e5        0x0 /opt/riscv/lib/gcc/riscv32-unknown-elf/15.1.0/rv32im/ilp32/libgcc.a(_clz.o)
                                0x1b2 (size before relaxing)
 .debug_str     0x000008e5        0x0 /opt/riscv/lib/gcc/riscv32-unknown-elf/15.1.0/rv32im/ilp32/libgcc.a(_clzsi2.o)
                                0x1cf (size before relaxing)

.debug_line_str
                0x00000000      0x38d
 .debug_line_str
                0x00000000      0x38d /opt/riscv/lib/gcc/riscv32-unknown-elf/15.1.0/rv32im/ilp32/libgcc.a(_udivdi3.o)
                                 0xbb (size before relaxing)
 .debug_line_str
                0x0000038d        0x0 /opt/riscv/lib/gcc/riscv32-unknown-elf/15.1.0/rv32im/ilp32/libgcc.a(adddf3.o)
                                 0xc8 (size before relaxing)
 .debug_line_str
                0x0000038d        0x0 /opt/riscv/lib/gcc/riscv32-unknown-elf/15.1.0/rv32im/ilp32/libgcc.a(divdf3.o)
                                 0xd2 (size before relaxing)
 .debug_line_str
                0x0000038d        0x0 /opt/riscv/lib/gcc/riscv32-unknown-elf/15.1.0/rv32im/ilp32/libgcc.a(ledf2.o)
                                 0xd4 (size before relaxing)
 .debug_line_str
                0x0000038d        0x0 /opt/riscv/lib/gcc/riscv32-unknown-elf/15.1.0/rv32im/ilp32/libgcc.a(muldf3.o)
                                 0xd2 (size before relaxing)
 .debug_line_str
                0x0000038d        0x0 /opt/riscv/lib/gcc/riscv32-unknown-elf/15.1.0/rv32im/ilp32/libgcc.a(subdf3.o)
                                 0xc8 (size before relaxing)
 .debug_line_str
                0x0000038d        0x0 /opt/riscv/lib/gcc/riscv32-unknown-elf/15.1.0/rv32im/ilp32/libgcc.a(fixdfsi.o)
                                 0xd4 (size before relaxing)
 .debug_line_str
                0x0000038d        0x0 /opt/riscv/lib/gcc/riscv32-unknown-elf/15.1.0/rv32im/ilp32/libgcc.a(fixunsdfsi.o)
                                 0xda (size before relaxing)
 .debug_line_str
                0x0000038d        0x0 /opt/riscv/lib/gcc/riscv32-unknown-elf/15.1.0/rv32im/ilp32/libgcc.a(floatsidf.o)
                                 0xd8 (size before relaxing)
 .debug_line_str
                0x0000038d        0x0 /opt/riscv/lib/gcc/riscv32-unknown-elf/15.1.0/rv32im/ilp32/libgcc.a(floatunsidf.o)
                                 0xdc (size before relaxing)
 .debug_line_str
                0x0000038d        0x0 /opt/riscv/lib/gcc/riscv32-unknown-elf/15.1.0/rv32im/ilp32/libgcc.a(divsf3.o)
                                 0xc8 (size before relaxing)
 .debug_line_str
                0x0000038d        0x0 /opt/riscv/lib/gcc/riscv32-unknown-elf/15.1.0/rv32im/ilp32/libgcc.a(mulsf3.o)
                                 0xd2 (size before relaxing)
 .debug_line_str
                0x0000038d        0x0 /opt/riscv/lib/gcc/riscv32-unknown-elf/15.1.0/rv32im/ilp32/libgcc.a(floatsisf.o)
                                 0xd8 (size before relaxing)
 .debug_line_str
                0x0000038d        0x0 /opt/riscv/lib/gcc/riscv32-unknown-elf/15.1.0/rv32im/ilp32/libgcc.a(extendsfdf2.o)
                                 0xdb (size before relaxing)
 .debug_line_str
                0x0000038d        0x0 /opt/riscv/lib/gcc/riscv32-unknown-elf/15.1.0/rv32im/ilp32/libgcc.a(truncdfsf2.o)
                                 0xd9 (size before relaxing)
 .debug_line_str
                0x0000038d        0x0 /opt/riscv/lib/gcc/riscv32-unknown-elf/15.1.0/rv32im/ilp32/libgcc.a(_clz.o)
                                 0xbb (size before relaxing)
 .debug_line_str
                0x0000038d        0x0 /opt/riscv/lib/gcc/riscv32-unknown-elf/15.1.0/rv32im/ilp32/libgcc.a(_clzsi2.o)
                                 0xbb (size before relaxing)

.debug_frame    0x00000000      0x344
 .debug_frame   0x00000000       0x44 /opt/riscv/lib/gcc/riscv32-unknown-elf/15.1.0/rv32im/ilp32/libgcc.a(adddf3.o)
 .debug_frame   0x00000044       0x54 /opt/riscv/lib/gcc/riscv32-unknown-elf/15.1.0/rv32im/ilp32/libgcc.a(divdf3.o)
 .debug_frame   0x00000098       0x20 /opt/riscv/lib/gcc/riscv32-unknown-elf/15.1.0/rv32im/ilp32/libgcc.a(ledf2.o)
 .debug_frame   0x000000b8       0x54 /opt/riscv/lib/gcc/riscv32-unknown-elf/15.1.0/rv32im/ilp32/libgcc.a(muldf3.o)
 .debug_frame   0x0000010c       0x44 /opt/riscv/lib/gcc/riscv32-unknown-elf/15.1.0/rv32im/ilp32/libgcc.a(subdf3.o)
 .debug_frame   0x00000150       0x20 /opt/riscv/lib/gcc/riscv32-unknown-elf/15.1.0/rv32im/ilp32/libgcc.a(fixdfsi.o)
 .debug_frame   0x00000170       0x20 /opt/riscv/lib/gcc/riscv32-unknown-elf/15.1.0/rv32im/ilp32/libgcc.a(fixunsdfsi.o)
 .debug_frame   0x00000190       0x38 /opt/riscv/lib/gcc/riscv32-unknown-elf/15.1.0/rv32im/ilp32/libgcc.a(floatsidf.o)
 .debug_frame   0x000001c8       0x34 /opt/riscv/lib/gcc/riscv32-unknown-elf/15.1.0/rv32im/ilp32/libgcc.a(floatunsidf.o)
 .debug_frame   0x000001fc       0x4c /opt/riscv/lib/gcc/riscv32-unknown-elf/15.1.0/rv32im/ilp32/libgcc.a(divsf3.o)
 .debug_frame   0x00000248       0x4c /opt/riscv/lib/gcc/riscv32-unknown-elf/15.1.0/rv32im/ilp32/libgcc.a(mulsf3.o)
 .debug_frame   0x00000294       0x38 /opt/riscv/lib/gcc/riscv32-unknown-elf/15.1.0/rv32im/ilp32/libgcc.a(floatsisf.o)
 .debug_frame   0x000002cc       0x38 /opt/riscv/lib/gcc/riscv32-unknown-elf/15.1.0/rv32im/ilp32/libgcc.a(extendsfdf2.o)
 .debug_frame   0x00000304       0x20 /opt/riscv/lib/gcc/riscv32-unknown-elf/15.1.0/rv32im/ilp32/libgcc.a(truncdfsf2.o)
 .debug_frame   0x00000324       0x20 /opt/riscv/lib/gcc/riscv32-unknown-elf/15.1.0/rv32im/ilp32/libgcc.a(_clzsi2.o)
